E:\CodeProjects\INRIAPerson\Test\pos\crop001501a.png
E:\CodeProjects\INRIAPerson\Test\pos\crop001501b.png
E:\CodeProjects\INRIAPerson\Test\pos\crop001501c.png
E:\CodeProjects\INRIAPerson\Test\pos\crop001501d.png
E:\CodeProjects\INRIAPerson\Test\pos\crop001501e.png
E:\CodeProjects\INRIAPerson\Test\pos\crop001501f.png
E:\CodeProjects\INRIAPerson\Test\pos\crop001501g.png
E:\CodeProjects\INRIAPerson\Test\pos\crop001501h.png
E:\CodeProjects\INRIAPerson\Test\pos\crop001504a.png
E:\CodeProjects\INRIAPerson\Test\pos\crop001504b.png
E:\CodeProjects\INRIAPerson\Test\pos\crop001504c.png
E:\CodeProjects\INRIAPerson\Test\pos\crop001504d.png
E:\CodeProjects\INRIAPerson\Test\pos\crop001511a.png
E:\CodeProjects\INRIAPerson\Test\pos\crop001511b.png
E:\CodeProjects\INRIAPerson\Test\pos\crop001512a.png
E:\CodeProjects\INRIAPerson\Test\pos\crop001512b.png
E:\CodeProjects\INRIAPerson\Test\pos\crop001512c.png
E:\CodeProjects\INRIAPerson\Test\pos\crop001512d.png
E:\CodeProjects\INRIAPerson\Test\pos\crop001512e.png
E:\CodeProjects\INRIAPerson\Test\pos\crop001512f.png
E:\CodeProjects\INRIAPerson\Test\pos\crop001514a.png
E:\CodeProjects\INRIAPerson\Test\pos\crop001514b.png
E:\CodeProjects\INRIAPerson\Test\pos\crop001514c.png
E:\CodeProjects\INRIAPerson\Test\pos\crop001514d.png
E:\CodeProjects\INRIAPerson\Test\pos\crop001514e.png
E:\CodeProjects\INRIAPerson\Test\pos\crop001514f.png
E:\CodeProjects\INRIAPerson\Test\pos\crop001520a.png
E:\CodeProjects\INRIAPerson\Test\pos\crop001520b.png
E:\CodeProjects\INRIAPerson\Test\pos\crop001520c.png
E:\CodeProjects\INRIAPerson\Test\pos\crop001520d.png
E:\CodeProjects\INRIAPerson\Test\pos\crop001521a.png
E:\CodeProjects\INRIAPerson\Test\pos\crop001521b.png
E:\CodeProjects\INRIAPerson\Test\pos\crop001521c.png
E:\CodeProjects\INRIAPerson\Test\pos\crop001521d.png
E:\CodeProjects\INRIAPerson\Test\pos\crop001521e.png
E:\CodeProjects\INRIAPerson\Test\pos\crop001521f.png
E:\CodeProjects\INRIAPerson\Test\pos\crop001521g.png
E:\CodeProjects\INRIAPerson\Test\pos\crop001521h.png
E:\CodeProjects\INRIAPerson\Test\pos\crop001521i.png
E:\CodeProjects\INRIAPerson\Test\pos\crop001521j.png
E:\CodeProjects\INRIAPerson\Test\pos\crop001521k.png
E:\CodeProjects\INRIAPerson\Test\pos\crop001521l.png
E:\CodeProjects\INRIAPerson\Test\pos\crop001522a.png
E:\CodeProjects\INRIAPerson\Test\pos\crop001522b.png
E:\CodeProjects\INRIAPerson\Test\pos\crop001522c.png
E:\CodeProjects\INRIAPerson\Test\pos\crop001522d.png
E:\CodeProjects\INRIAPerson\Test\pos\crop001522e.png
E:\CodeProjects\INRIAPerson\Test\pos\crop001522f.png
E:\CodeProjects\INRIAPerson\Test\pos\crop001531a.png
E:\CodeProjects\INRIAPerson\Test\pos\crop001531b.png
E:\CodeProjects\INRIAPerson\Test\pos\crop001531c.png
E:\CodeProjects\INRIAPerson\Test\pos\crop001531d.png
E:\CodeProjects\INRIAPerson\Test\pos\crop001533a.png
E:\CodeProjects\INRIAPerson\Test\pos\crop001533b.png
E:\CodeProjects\INRIAPerson\Test\pos\crop001533c.png
E:\CodeProjects\INRIAPerson\Test\pos\crop001533d.png
E:\CodeProjects\INRIAPerson\Test\pos\crop001533e.png
E:\CodeProjects\INRIAPerson\Test\pos\crop001533f.png
E:\CodeProjects\INRIAPerson\Test\pos\crop001533g.png
E:\CodeProjects\INRIAPerson\Test\pos\crop001533h.png
E:\CodeProjects\INRIAPerson\Test\pos\crop001533i.png
E:\CodeProjects\INRIAPerson\Test\pos\crop001533j.png
E:\CodeProjects\INRIAPerson\Test\pos\crop001544a.png
E:\CodeProjects\INRIAPerson\Test\pos\crop001544b.png
E:\CodeProjects\INRIAPerson\Test\pos\crop001544c.png
E:\CodeProjects\INRIAPerson\Test\pos\crop001544d.png
E:\CodeProjects\INRIAPerson\Test\pos\crop001545a.png
E:\CodeProjects\INRIAPerson\Test\pos\crop001545b.png
E:\CodeProjects\INRIAPerson\Test\pos\crop001546a.png
E:\CodeProjects\INRIAPerson\Test\pos\crop001546b.png
E:\CodeProjects\INRIAPerson\Test\pos\crop001546c.png
E:\CodeProjects\INRIAPerson\Test\pos\crop001546d.png
E:\CodeProjects\INRIAPerson\Test\pos\crop001549a.png
E:\CodeProjects\INRIAPerson\Test\pos\crop001549b.png
E:\CodeProjects\INRIAPerson\Test\pos\crop001555a.png
E:\CodeProjects\INRIAPerson\Test\pos\crop001555b.png
E:\CodeProjects\INRIAPerson\Test\pos\crop001555c.png
E:\CodeProjects\INRIAPerson\Test\pos\crop001555d.png
E:\CodeProjects\INRIAPerson\Test\pos\crop001555e.png
E:\CodeProjects\INRIAPerson\Test\pos\crop001555f.png
E:\CodeProjects\INRIAPerson\Test\pos\crop001555g.png
E:\CodeProjects\INRIAPerson\Test\pos\crop001555h.png
E:\CodeProjects\INRIAPerson\Test\pos\crop001555i.png
E:\CodeProjects\INRIAPerson\Test\pos\crop001555j.png
E:\CodeProjects\INRIAPerson\Test\pos\crop001566a.png
E:\CodeProjects\INRIAPerson\Test\pos\crop001566b.png
E:\CodeProjects\INRIAPerson\Test\pos\crop001566c.png
E:\CodeProjects\INRIAPerson\Test\pos\crop001566d.png
E:\CodeProjects\INRIAPerson\Test\pos\crop001573a.png
E:\CodeProjects\INRIAPerson\Test\pos\crop001573b.png
E:\CodeProjects\INRIAPerson\Test\pos\crop001573c.png
E:\CodeProjects\INRIAPerson\Test\pos\crop001573d.png
E:\CodeProjects\INRIAPerson\Test\pos\crop001573e.png
E:\CodeProjects\INRIAPerson\Test\pos\crop001573f.png
E:\CodeProjects\INRIAPerson\Test\pos\crop001573g.png
E:\CodeProjects\INRIAPerson\Test\pos\crop001573h.png
E:\CodeProjects\INRIAPerson\Test\pos\crop001573i.png
E:\CodeProjects\INRIAPerson\Test\pos\crop001573j.png
E:\CodeProjects\INRIAPerson\Test\pos\crop001574a.png
E:\CodeProjects\INRIAPerson\Test\pos\crop001574b.png
E:\CodeProjects\INRIAPerson\Test\pos\crop001590a.png
E:\CodeProjects\INRIAPerson\Test\pos\crop001590b.png
E:\CodeProjects\INRIAPerson\Test\pos\crop001593a.png
E:\CodeProjects\INRIAPerson\Test\pos\crop001593b.png
E:\CodeProjects\INRIAPerson\Test\pos\crop001593c.png
E:\CodeProjects\INRIAPerson\Test\pos\crop001593d.png
E:\CodeProjects\INRIAPerson\Test\pos\crop001593e.png
E:\CodeProjects\INRIAPerson\Test\pos\crop001593f.png
E:\CodeProjects\INRIAPerson\Test\pos\crop001593g.png
E:\CodeProjects\INRIAPerson\Test\pos\crop001593h.png
E:\CodeProjects\INRIAPerson\Test\pos\crop001593i.png
E:\CodeProjects\INRIAPerson\Test\pos\crop001593j.png
E:\CodeProjects\INRIAPerson\Test\pos\crop001602a.png
E:\CodeProjects\INRIAPerson\Test\pos\crop001602b.png
E:\CodeProjects\INRIAPerson\Test\pos\crop001604a.png
E:\CodeProjects\INRIAPerson\Test\pos\crop001604b.png
E:\CodeProjects\INRIAPerson\Test\pos\crop001607a.png
E:\CodeProjects\INRIAPerson\Test\pos\crop001607b.png
E:\CodeProjects\INRIAPerson\Test\pos\crop001607c.png
E:\CodeProjects\INRIAPerson\Test\pos\crop001607d.png
E:\CodeProjects\INRIAPerson\Test\pos\crop001607e.png
E:\CodeProjects\INRIAPerson\Test\pos\crop001607f.png
E:\CodeProjects\INRIAPerson\Test\pos\crop001607g.png
E:\CodeProjects\INRIAPerson\Test\pos\crop001607h.png
E:\CodeProjects\INRIAPerson\Test\pos\crop001607i.png
E:\CodeProjects\INRIAPerson\Test\pos\crop001607j.png
E:\CodeProjects\INRIAPerson\Test\pos\crop001607k.png
E:\CodeProjects\INRIAPerson\Test\pos\crop001607l.png
E:\CodeProjects\INRIAPerson\Test\pos\crop001607m.png
E:\CodeProjects\INRIAPerson\Test\pos\crop001607n.png
E:\CodeProjects\INRIAPerson\Test\pos\crop001607o.png
E:\CodeProjects\INRIAPerson\Test\pos\crop001607p.png
E:\CodeProjects\INRIAPerson\Test\pos\crop001607q.png
E:\CodeProjects\INRIAPerson\Test\pos\crop001607r.png
E:\CodeProjects\INRIAPerson\Test\pos\crop001607s.png
E:\CodeProjects\INRIAPerson\Test\pos\crop001607t.png
E:\CodeProjects\INRIAPerson\Test\pos\crop001631a.png
E:\CodeProjects\INRIAPerson\Test\pos\crop001631b.png
E:\CodeProjects\INRIAPerson\Test\pos\crop001631c.png
E:\CodeProjects\INRIAPerson\Test\pos\crop001631d.png
E:\CodeProjects\INRIAPerson\Test\pos\crop001633a.png
E:\CodeProjects\INRIAPerson\Test\pos\crop001633b.png
E:\CodeProjects\INRIAPerson\Test\pos\crop001633c.png
E:\CodeProjects\INRIAPerson\Test\pos\crop001633d.png
E:\CodeProjects\INRIAPerson\Test\pos\crop001633e.png
E:\CodeProjects\INRIAPerson\Test\pos\crop001633f.png
E:\CodeProjects\INRIAPerson\Test\pos\crop001634a.png
E:\CodeProjects\INRIAPerson\Test\pos\crop001634b.png
E:\CodeProjects\INRIAPerson\Test\pos\crop001638a.png
E:\CodeProjects\INRIAPerson\Test\pos\crop001638b.png
E:\CodeProjects\INRIAPerson\Test\pos\crop001638c.png
E:\CodeProjects\INRIAPerson\Test\pos\crop001638d.png
E:\CodeProjects\INRIAPerson\Test\pos\crop001638e.png
E:\CodeProjects\INRIAPerson\Test\pos\crop001638f.png
E:\CodeProjects\INRIAPerson\Test\pos\crop001638g.png
E:\CodeProjects\INRIAPerson\Test\pos\crop001638h.png
E:\CodeProjects\INRIAPerson\Test\pos\crop001639a.png
E:\CodeProjects\INRIAPerson\Test\pos\crop001639b.png
E:\CodeProjects\INRIAPerson\Test\pos\crop001639c.png
E:\CodeProjects\INRIAPerson\Test\pos\crop001639d.png
E:\CodeProjects\INRIAPerson\Test\pos\crop001639e.png
E:\CodeProjects\INRIAPerson\Test\pos\crop001639f.png
E:\CodeProjects\INRIAPerson\Test\pos\crop001641a.png
E:\CodeProjects\INRIAPerson\Test\pos\crop001641b.png
E:\CodeProjects\INRIAPerson\Test\pos\crop001641c.png
E:\CodeProjects\INRIAPerson\Test\pos\crop001641d.png
E:\CodeProjects\INRIAPerson\Test\pos\crop001641e.png
E:\CodeProjects\INRIAPerson\Test\pos\crop001641f.png
E:\CodeProjects\INRIAPerson\Test\pos\crop001653a.png
E:\CodeProjects\INRIAPerson\Test\pos\crop001653b.png
E:\CodeProjects\INRIAPerson\Test\pos\crop001654a.png
E:\CodeProjects\INRIAPerson\Test\pos\crop001654b.png
E:\CodeProjects\INRIAPerson\Test\pos\crop001658.png
E:\CodeProjects\INRIAPerson\Test\pos\crop001658a.png
E:\CodeProjects\INRIAPerson\Test\pos\crop001658b.png
E:\CodeProjects\INRIAPerson\Test\pos\crop001658c.png
E:\CodeProjects\INRIAPerson\Test\pos\crop001658d.png
E:\CodeProjects\INRIAPerson\Test\pos\crop001658e.png
E:\CodeProjects\INRIAPerson\Test\pos\crop001658f.png
E:\CodeProjects\INRIAPerson\Test\pos\crop001659a.png
E:\CodeProjects\INRIAPerson\Test\pos\crop001659b.png
E:\CodeProjects\INRIAPerson\Test\pos\crop001660a.png
E:\CodeProjects\INRIAPerson\Test\pos\crop001660b.png
E:\CodeProjects\INRIAPerson\Test\pos\crop001661a.png
E:\CodeProjects\INRIAPerson\Test\pos\crop001661b.png
E:\CodeProjects\INRIAPerson\Test\pos\crop001661c.png
E:\CodeProjects\INRIAPerson\Test\pos\crop001661d.png
E:\CodeProjects\INRIAPerson\Test\pos\crop001664a.png
E:\CodeProjects\INRIAPerson\Test\pos\crop001664b.png
E:\CodeProjects\INRIAPerson\Test\pos\crop001664c.png
E:\CodeProjects\INRIAPerson\Test\pos\crop001664d.png
E:\CodeProjects\INRIAPerson\Test\pos\crop001664e.png
E:\CodeProjects\INRIAPerson\Test\pos\crop001664f.png
E:\CodeProjects\INRIAPerson\Test\pos\crop001664g.png
E:\CodeProjects\INRIAPerson\Test\pos\crop001664h.png
E:\CodeProjects\INRIAPerson\Test\pos\crop001670a.png
E:\CodeProjects\INRIAPerson\Test\pos\crop001670b.png
E:\CodeProjects\INRIAPerson\Test\pos\crop001670c.png
E:\CodeProjects\INRIAPerson\Test\pos\crop001670d.png
E:\CodeProjects\INRIAPerson\Test\pos\crop001670e.png
E:\CodeProjects\INRIAPerson\Test\pos\crop001670f.png
E:\CodeProjects\INRIAPerson\Test\pos\crop001670g.png
E:\CodeProjects\INRIAPerson\Test\pos\crop001670h.png
E:\CodeProjects\INRIAPerson\Test\pos\crop001670i.png
E:\CodeProjects\INRIAPerson\Test\pos\crop001670j.png
E:\CodeProjects\INRIAPerson\Test\pos\crop001676a.png
E:\CodeProjects\INRIAPerson\Test\pos\crop001676b.png
E:\CodeProjects\INRIAPerson\Test\pos\crop001676c.png
E:\CodeProjects\INRIAPerson\Test\pos\crop001676d.png
E:\CodeProjects\INRIAPerson\Test\pos\crop001676e.png
E:\CodeProjects\INRIAPerson\Test\pos\crop001676f.png
E:\CodeProjects\INRIAPerson\Test\pos\crop001676g.png
E:\CodeProjects\INRIAPerson\Test\pos\crop001676h.png
E:\CodeProjects\INRIAPerson\Test\pos\crop001676i.png
E:\CodeProjects\INRIAPerson\Test\pos\crop001676j.png
E:\CodeProjects\INRIAPerson\Test\pos\crop001676k.png
E:\CodeProjects\INRIAPerson\Test\pos\crop001676l.png
E:\CodeProjects\INRIAPerson\Test\pos\crop001676m.png
E:\CodeProjects\INRIAPerson\Test\pos\crop001676n.png
E:\CodeProjects\INRIAPerson\Test\pos\crop001682a.png
E:\CodeProjects\INRIAPerson\Test\pos\crop001682b.png
E:\CodeProjects\INRIAPerson\Test\pos\crop001682c.png
E:\CodeProjects\INRIAPerson\Test\pos\crop001682d.png
E:\CodeProjects\INRIAPerson\Test\pos\crop001682e.png
E:\CodeProjects\INRIAPerson\Test\pos\crop001682f.png
E:\CodeProjects\INRIAPerson\Test\pos\crop001682g.png
E:\CodeProjects\INRIAPerson\Test\pos\crop001682h.png
E:\CodeProjects\INRIAPerson\Test\pos\crop001682i.png
E:\CodeProjects\INRIAPerson\Test\pos\crop001682j.png
E:\CodeProjects\INRIAPerson\Test\pos\crop001683a.png
E:\CodeProjects\INRIAPerson\Test\pos\crop001683b.png
E:\CodeProjects\INRIAPerson\Test\pos\crop001683c.png
E:\CodeProjects\INRIAPerson\Test\pos\crop001683d.png
E:\CodeProjects\INRIAPerson\Test\pos\crop001684a.png
E:\CodeProjects\INRIAPerson\Test\pos\crop001684b.png
E:\CodeProjects\INRIAPerson\Test\pos\crop001688a.png
E:\CodeProjects\INRIAPerson\Test\pos\crop001688b.png
E:\CodeProjects\INRIAPerson\Test\pos\crop001688c.png
E:\CodeProjects\INRIAPerson\Test\pos\crop001688d.png
E:\CodeProjects\INRIAPerson\Test\pos\crop001704a.png
E:\CodeProjects\INRIAPerson\Test\pos\crop001704b.png
E:\CodeProjects\INRIAPerson\Test\pos\crop001704c.png
E:\CodeProjects\INRIAPerson\Test\pos\crop001704d.png
E:\CodeProjects\INRIAPerson\Test\pos\crop001704e.png
E:\CodeProjects\INRIAPerson\Test\pos\crop001704f.png
E:\CodeProjects\INRIAPerson\Test\pos\crop001706a.png
E:\CodeProjects\INRIAPerson\Test\pos\crop001706b.png
E:\CodeProjects\INRIAPerson\Test\pos\crop001715a.png
E:\CodeProjects\INRIAPerson\Test\pos\crop001715b.png
E:\CodeProjects\INRIAPerson\Test\pos\crop001715c.png
E:\CodeProjects\INRIAPerson\Test\pos\crop001715d.png
E:\CodeProjects\INRIAPerson\Test\pos\crop001716a.png
E:\CodeProjects\INRIAPerson\Test\pos\crop001716b.png
E:\CodeProjects\INRIAPerson\Test\pos\crop001716c.png
E:\CodeProjects\INRIAPerson\Test\pos\crop001716d.png
E:\CodeProjects\INRIAPerson\Test\pos\crop001718a.png
E:\CodeProjects\INRIAPerson\Test\pos\crop001718b.png
E:\CodeProjects\INRIAPerson\Test\pos\crop001718c.png
E:\CodeProjects\INRIAPerson\Test\pos\crop001718d.png
E:\CodeProjects\INRIAPerson\Test\pos\crop001718e.png
E:\CodeProjects\INRIAPerson\Test\pos\crop001718f.png
E:\CodeProjects\INRIAPerson\Test\pos\crop001718g.png
E:\CodeProjects\INRIAPerson\Test\pos\crop001718h.png
E:\CodeProjects\INRIAPerson\Test\pos\crop001719a.png
E:\CodeProjects\INRIAPerson\Test\pos\crop001719b.png
E:\CodeProjects\INRIAPerson\Test\pos\crop001719c.png
E:\CodeProjects\INRIAPerson\Test\pos\crop001719d.png
E:\CodeProjects\INRIAPerson\Test\pos\crop001719e.png
E:\CodeProjects\INRIAPerson\Test\pos\crop001719f.png
E:\CodeProjects\INRIAPerson\Test\pos\crop001719g.png
E:\CodeProjects\INRIAPerson\Test\pos\crop001719h.png
E:\CodeProjects\INRIAPerson\Test\pos\crop001719i.png
E:\CodeProjects\INRIAPerson\Test\pos\crop001719j.png
E:\CodeProjects\INRIAPerson\Test\pos\crop001719k.png
E:\CodeProjects\INRIAPerson\Test\pos\crop001719l.png
E:\CodeProjects\INRIAPerson\Test\pos\crop001719m.png
E:\CodeProjects\INRIAPerson\Test\pos\crop001719n.png
E:\CodeProjects\INRIAPerson\Test\pos\crop001722a.png
E:\CodeProjects\INRIAPerson\Test\pos\crop001722b.png
E:\CodeProjects\INRIAPerson\Test\pos\crop001722c.png
E:\CodeProjects\INRIAPerson\Test\pos\crop001722d.png
E:\CodeProjects\INRIAPerson\Test\pos\crop001723a.png
E:\CodeProjects\INRIAPerson\Test\pos\crop001723b.png
E:\CodeProjects\INRIAPerson\Test\pos\crop001724a.png
E:\CodeProjects\INRIAPerson\Test\pos\crop001724b.png
E:\CodeProjects\INRIAPerson\Test\pos\crop001724c.png
E:\CodeProjects\INRIAPerson\Test\pos\crop001724d.png
E:\CodeProjects\INRIAPerson\Test\pos\crop001725a.png
E:\CodeProjects\INRIAPerson\Test\pos\crop001725b.png
E:\CodeProjects\INRIAPerson\Test\pos\crop001725c.png
E:\CodeProjects\INRIAPerson\Test\pos\crop001725d.png
E:\CodeProjects\INRIAPerson\Test\pos\crop_000001a.png
E:\CodeProjects\INRIAPerson\Test\pos\crop_000001b.png
E:\CodeProjects\INRIAPerson\Test\pos\crop_000002a.png
E:\CodeProjects\INRIAPerson\Test\pos\crop_000002b.png
E:\CodeProjects\INRIAPerson\Test\pos\crop_000003a.png
E:\CodeProjects\INRIAPerson\Test\pos\crop_000003b.png
E:\CodeProjects\INRIAPerson\Test\pos\crop_000004a.png
E:\CodeProjects\INRIAPerson\Test\pos\crop_000004b.png
E:\CodeProjects\INRIAPerson\Test\pos\crop_000005a.png
E:\CodeProjects\INRIAPerson\Test\pos\crop_000005b.png
E:\CodeProjects\INRIAPerson\Test\pos\crop_000005c.png
E:\CodeProjects\INRIAPerson\Test\pos\crop_000005d.png
E:\CodeProjects\INRIAPerson\Test\pos\crop_000006a.png
E:\CodeProjects\INRIAPerson\Test\pos\crop_000006b.png
E:\CodeProjects\INRIAPerson\Test\pos\crop_000007a.png
E:\CodeProjects\INRIAPerson\Test\pos\crop_000007b.png
E:\CodeProjects\INRIAPerson\Test\pos\crop_000008a.png
E:\CodeProjects\INRIAPerson\Test\pos\crop_000008b.png
E:\CodeProjects\INRIAPerson\Test\pos\crop_000009a.png
E:\CodeProjects\INRIAPerson\Test\pos\crop_000009b.png
E:\CodeProjects\INRIAPerson\Test\pos\crop_000012a.png
E:\CodeProjects\INRIAPerson\Test\pos\crop_000012b.png
E:\CodeProjects\INRIAPerson\Test\pos\crop_000013a.png
E:\CodeProjects\INRIAPerson\Test\pos\crop_000013b.png
E:\CodeProjects\INRIAPerson\Test\pos\crop_000015a.png
E:\CodeProjects\INRIAPerson\Test\pos\crop_000015b.png
E:\CodeProjects\INRIAPerson\Test\pos\crop_000016a.png
E:\CodeProjects\INRIAPerson\Test\pos\crop_000016b.png
E:\CodeProjects\INRIAPerson\Test\pos\crop_000017a.png
E:\CodeProjects\INRIAPerson\Test\pos\crop_000017b.png
E:\CodeProjects\INRIAPerson\Test\pos\crop_000018a.png
E:\CodeProjects\INRIAPerson\Test\pos\crop_000018b.png
E:\CodeProjects\INRIAPerson\Test\pos\crop_000019a.png
E:\CodeProjects\INRIAPerson\Test\pos\crop_000019b.png
E:\CodeProjects\INRIAPerson\Test\pos\crop_000020a.png
E:\CodeProjects\INRIAPerson\Test\pos\crop_000020b.png
E:\CodeProjects\INRIAPerson\Test\pos\crop_000021a.png
E:\CodeProjects\INRIAPerson\Test\pos\crop_000021b.png
E:\CodeProjects\INRIAPerson\Test\pos\crop_000023a.png
E:\CodeProjects\INRIAPerson\Test\pos\crop_000023b.png
E:\CodeProjects\INRIAPerson\Test\pos\crop_000024a.png
E:\CodeProjects\INRIAPerson\Test\pos\crop_000024b.png
E:\CodeProjects\INRIAPerson\Test\pos\crop_000025a.png
E:\CodeProjects\INRIAPerson\Test\pos\crop_000025b.png
E:\CodeProjects\INRIAPerson\Test\pos\crop_000026a.png
E:\CodeProjects\INRIAPerson\Test\pos\crop_000026b.png
E:\CodeProjects\INRIAPerson\Test\pos\crop_000026c.png
E:\CodeProjects\INRIAPerson\Test\pos\crop_000026d.png
E:\CodeProjects\INRIAPerson\Test\pos\crop_000026e.png
E:\CodeProjects\INRIAPerson\Test\pos\crop_000026f.png
E:\CodeProjects\INRIAPerson\Test\pos\crop_000026g.png
E:\CodeProjects\INRIAPerson\Test\pos\crop_000026h.png
E:\CodeProjects\INRIAPerson\Test\pos\crop_000027a.png
E:\CodeProjects\INRIAPerson\Test\pos\crop_000027b.png
E:\CodeProjects\INRIAPerson\Test\pos\crop_000027c.png
E:\CodeProjects\INRIAPerson\Test\pos\crop_000027d.png
E:\CodeProjects\INRIAPerson\Test\pos\crop_000604a.png
E:\CodeProjects\INRIAPerson\Test\pos\crop_000604b.png
E:\CodeProjects\INRIAPerson\Test\pos\crop_000604c.png
E:\CodeProjects\INRIAPerson\Test\pos\crop_000604d.png
E:\CodeProjects\INRIAPerson\Test\pos\crop_000604e.png
E:\CodeProjects\INRIAPerson\Test\pos\crop_000604f.png
E:\CodeProjects\INRIAPerson\Test\pos\person_007a.png
E:\CodeProjects\INRIAPerson\Test\pos\person_007b.png
E:\CodeProjects\INRIAPerson\Test\pos\person_008a.png
E:\CodeProjects\INRIAPerson\Test\pos\person_008b.png
E:\CodeProjects\INRIAPerson\Test\pos\person_009a.png
E:\CodeProjects\INRIAPerson\Test\pos\person_009b.png
E:\CodeProjects\INRIAPerson\Test\pos\person_010a.png
E:\CodeProjects\INRIAPerson\Test\pos\person_010b.png
E:\CodeProjects\INRIAPerson\Test\pos\person_011a.png
E:\CodeProjects\INRIAPerson\Test\pos\person_011b.png
E:\CodeProjects\INRIAPerson\Test\pos\person_012a.png
E:\CodeProjects\INRIAPerson\Test\pos\person_012b.png
E:\CodeProjects\INRIAPerson\Test\pos\person_013a.png
E:\CodeProjects\INRIAPerson\Test\pos\person_013b.png
E:\CodeProjects\INRIAPerson\Test\pos\person_014a.png
E:\CodeProjects\INRIAPerson\Test\pos\person_014b.png
E:\CodeProjects\INRIAPerson\Test\pos\person_014c.png
E:\CodeProjects\INRIAPerson\Test\pos\person_014d.png
E:\CodeProjects\INRIAPerson\Test\pos\person_015a.png
E:\CodeProjects\INRIAPerson\Test\pos\person_015b.png
E:\CodeProjects\INRIAPerson\Test\pos\person_026a.png
E:\CodeProjects\INRIAPerson\Test\pos\person_026b.png
E:\CodeProjects\INRIAPerson\Test\pos\person_028a.png
E:\CodeProjects\INRIAPerson\Test\pos\person_028b.png
E:\CodeProjects\INRIAPerson\Test\pos\person_029a.png
E:\CodeProjects\INRIAPerson\Test\pos\person_029b.png
E:\CodeProjects\INRIAPerson\Test\pos\person_030a.png
E:\CodeProjects\INRIAPerson\Test\pos\person_030b.png
E:\CodeProjects\INRIAPerson\Test\pos\person_032a.png
E:\CodeProjects\INRIAPerson\Test\pos\person_032b.png
E:\CodeProjects\INRIAPerson\Test\pos\person_033a.png
E:\CodeProjects\INRIAPerson\Test\pos\person_033b.png
E:\CodeProjects\INRIAPerson\Test\pos\person_034a.png
E:\CodeProjects\INRIAPerson\Test\pos\person_034b.png
E:\CodeProjects\INRIAPerson\Test\pos\person_036a.png
E:\CodeProjects\INRIAPerson\Test\pos\person_036b.png
E:\CodeProjects\INRIAPerson\Test\pos\person_037a.png
E:\CodeProjects\INRIAPerson\Test\pos\person_037b.png
E:\CodeProjects\INRIAPerson\Test\pos\person_038a.png
E:\CodeProjects\INRIAPerson\Test\pos\person_038b.png
E:\CodeProjects\INRIAPerson\Test\pos\person_039a.png
E:\CodeProjects\INRIAPerson\Test\pos\person_039b.png
E:\CodeProjects\INRIAPerson\Test\pos\person_040a.png
E:\CodeProjects\INRIAPerson\Test\pos\person_040b.png
E:\CodeProjects\INRIAPerson\Test\pos\person_051a.png
E:\CodeProjects\INRIAPerson\Test\pos\person_051b.png
E:\CodeProjects\INRIAPerson\Test\pos\person_052a.png
E:\CodeProjects\INRIAPerson\Test\pos\person_052b.png
E:\CodeProjects\INRIAPerson\Test\pos\person_053a.png
E:\CodeProjects\INRIAPerson\Test\pos\person_053b.png
E:\CodeProjects\INRIAPerson\Test\pos\person_055a.png
E:\CodeProjects\INRIAPerson\Test\pos\person_055b.png
E:\CodeProjects\INRIAPerson\Test\pos\person_056a.png
E:\CodeProjects\INRIAPerson\Test\pos\person_056b.png
E:\CodeProjects\INRIAPerson\Test\pos\person_058a.png
E:\CodeProjects\INRIAPerson\Test\pos\person_058b.png
E:\CodeProjects\INRIAPerson\Test\pos\person_059a.png
E:\CodeProjects\INRIAPerson\Test\pos\person_059b.png
E:\CodeProjects\INRIAPerson\Test\pos\person_062a.png
E:\CodeProjects\INRIAPerson\Test\pos\person_062b.png
E:\CodeProjects\INRIAPerson\Test\pos\person_063a.png
E:\CodeProjects\INRIAPerson\Test\pos\person_063b.png
E:\CodeProjects\INRIAPerson\Test\pos\person_064a.png
E:\CodeProjects\INRIAPerson\Test\pos\person_064b.png
E:\CodeProjects\INRIAPerson\Test\pos\person_065a.png
E:\CodeProjects\INRIAPerson\Test\pos\person_065b.png
E:\CodeProjects\INRIAPerson\Test\pos\person_070a.png
E:\CodeProjects\INRIAPerson\Test\pos\person_070b.png
E:\CodeProjects\INRIAPerson\Test\pos\person_071a.png
E:\CodeProjects\INRIAPerson\Test\pos\person_071b.png
E:\CodeProjects\INRIAPerson\Test\pos\person_073a.png
E:\CodeProjects\INRIAPerson\Test\pos\person_073b.png
E:\CodeProjects\INRIAPerson\Test\pos\person_075a.png
E:\CodeProjects\INRIAPerson\Test\pos\person_075b.png
E:\CodeProjects\INRIAPerson\Test\pos\person_076a.png
E:\CodeProjects\INRIAPerson\Test\pos\person_076b.png
E:\CodeProjects\INRIAPerson\Test\pos\person_085a.png
E:\CodeProjects\INRIAPerson\Test\pos\person_085b.png
E:\CodeProjects\INRIAPerson\Test\pos\person_085c.png
E:\CodeProjects\INRIAPerson\Test\pos\person_085d.png
E:\CodeProjects\INRIAPerson\Test\pos\person_087a.png
E:\CodeProjects\INRIAPerson\Test\pos\person_087b.png
E:\CodeProjects\INRIAPerson\Test\pos\person_088a.png
E:\CodeProjects\INRIAPerson\Test\pos\person_088b.png
E:\CodeProjects\INRIAPerson\Test\pos\person_088c.png
E:\CodeProjects\INRIAPerson\Test\pos\person_088d.png
E:\CodeProjects\INRIAPerson\Test\pos\person_088e.png
E:\CodeProjects\INRIAPerson\Test\pos\person_088f.png
E:\CodeProjects\INRIAPerson\Test\pos\person_088g.png
E:\CodeProjects\INRIAPerson\Test\pos\person_088h.png
E:\CodeProjects\INRIAPerson\Test\pos\person_089a.png
E:\CodeProjects\INRIAPerson\Test\pos\person_089b.png
E:\CodeProjects\INRIAPerson\Test\pos\person_090a.png
E:\CodeProjects\INRIAPerson\Test\pos\person_090b.png
E:\CodeProjects\INRIAPerson\Test\pos\person_092a.png
E:\CodeProjects\INRIAPerson\Test\pos\person_092b.png
E:\CodeProjects\INRIAPerson\Test\pos\person_093a.png
E:\CodeProjects\INRIAPerson\Test\pos\person_093b.png
E:\CodeProjects\INRIAPerson\Test\pos\person_093c.png
E:\CodeProjects\INRIAPerson\Test\pos\person_093d.png
E:\CodeProjects\INRIAPerson\Test\pos\person_094a.png
E:\CodeProjects\INRIAPerson\Test\pos\person_094b.png
E:\CodeProjects\INRIAPerson\Test\pos\person_095a.png
E:\CodeProjects\INRIAPerson\Test\pos\person_095b.png
E:\CodeProjects\INRIAPerson\Test\pos\person_095c.png
E:\CodeProjects\INRIAPerson\Test\pos\person_095d.png
E:\CodeProjects\INRIAPerson\Test\pos\person_096a.png
E:\CodeProjects\INRIAPerson\Test\pos\person_096b.png
E:\CodeProjects\INRIAPerson\Test\pos\person_096c.png
E:\CodeProjects\INRIAPerson\Test\pos\person_096d.png
E:\CodeProjects\INRIAPerson\Test\pos\person_096e.png
E:\CodeProjects\INRIAPerson\Test\pos\person_096f.png
E:\CodeProjects\INRIAPerson\Test\pos\person_098a.png
E:\CodeProjects\INRIAPerson\Test\pos\person_098b.png
E:\CodeProjects\INRIAPerson\Test\pos\person_098c.png
E:\CodeProjects\INRIAPerson\Test\pos\person_098d.png
E:\CodeProjects\INRIAPerson\Test\pos\person_098e.png
E:\CodeProjects\INRIAPerson\Test\pos\person_098f.png
E:\CodeProjects\INRIAPerson\Test\pos\person_099a.png
E:\CodeProjects\INRIAPerson\Test\pos\person_099b.png
E:\CodeProjects\INRIAPerson\Test\pos\person_100a.png
E:\CodeProjects\INRIAPerson\Test\pos\person_100b.png
E:\CodeProjects\INRIAPerson\Test\pos\person_100c.png
E:\CodeProjects\INRIAPerson\Test\pos\person_100d.png
E:\CodeProjects\INRIAPerson\Test\pos\person_104a.png
E:\CodeProjects\INRIAPerson\Test\pos\person_104b.png
E:\CodeProjects\INRIAPerson\Test\pos\person_104c.png
E:\CodeProjects\INRIAPerson\Test\pos\person_104d.png
E:\CodeProjects\INRIAPerson\Test\pos\person_105a.png
E:\CodeProjects\INRIAPerson\Test\pos\person_105b.png
E:\CodeProjects\INRIAPerson\Test\pos\person_105c.png
E:\CodeProjects\INRIAPerson\Test\pos\person_105d.png
E:\CodeProjects\INRIAPerson\Test\pos\person_107a.png
E:\CodeProjects\INRIAPerson\Test\pos\person_107b.png
E:\CodeProjects\INRIAPerson\Test\pos\person_107c.png
E:\CodeProjects\INRIAPerson\Test\pos\person_107d.png
E:\CodeProjects\INRIAPerson\Test\pos\person_115a.png
E:\CodeProjects\INRIAPerson\Test\pos\person_115b.png
E:\CodeProjects\INRIAPerson\Test\pos\person_115c.png
E:\CodeProjects\INRIAPerson\Test\pos\person_115d.png
E:\CodeProjects\INRIAPerson\Test\pos\person_115e.png
E:\CodeProjects\INRIAPerson\Test\pos\person_115f.png
E:\CodeProjects\INRIAPerson\Test\pos\person_118a.png
E:\CodeProjects\INRIAPerson\Test\pos\person_118b.png
E:\CodeProjects\INRIAPerson\Test\pos\person_118c.png
E:\CodeProjects\INRIAPerson\Test\pos\person_118d.png
E:\CodeProjects\INRIAPerson\Test\pos\person_120a.png
E:\CodeProjects\INRIAPerson\Test\pos\person_120b.png
E:\CodeProjects\INRIAPerson\Test\pos\person_120c.png
E:\CodeProjects\INRIAPerson\Test\pos\person_120d.png
E:\CodeProjects\INRIAPerson\Test\pos\person_122a.png
E:\CodeProjects\INRIAPerson\Test\pos\person_122b.png
E:\CodeProjects\INRIAPerson\Test\pos\person_127a.png
E:\CodeProjects\INRIAPerson\Test\pos\person_127b.png
E:\CodeProjects\INRIAPerson\Test\pos\person_127c.png
E:\CodeProjects\INRIAPerson\Test\pos\person_127d.png
E:\CodeProjects\INRIAPerson\Test\pos\person_132a.png
E:\CodeProjects\INRIAPerson\Test\pos\person_132b.png
E:\CodeProjects\INRIAPerson\Test\pos\person_132c.png
E:\CodeProjects\INRIAPerson\Test\pos\person_132d.png
E:\CodeProjects\INRIAPerson\Test\pos\person_132e.png
E:\CodeProjects\INRIAPerson\Test\pos\person_132f.png
E:\CodeProjects\INRIAPerson\Test\pos\person_132g.png
E:\CodeProjects\INRIAPerson\Test\pos\person_132h.png
E:\CodeProjects\INRIAPerson\Test\pos\person_132i.png
E:\CodeProjects\INRIAPerson\Test\pos\person_132j.png
E:\CodeProjects\INRIAPerson\Test\pos\person_132k.png
E:\CodeProjects\INRIAPerson\Test\pos\person_132l.png
E:\CodeProjects\INRIAPerson\Test\pos\person_132m.png
E:\CodeProjects\INRIAPerson\Test\pos\person_132n.png
E:\CodeProjects\INRIAPerson\Test\pos\person_134a.png
E:\CodeProjects\INRIAPerson\Test\pos\person_134b.png
E:\CodeProjects\INRIAPerson\Test\pos\person_134c.png
E:\CodeProjects\INRIAPerson\Test\pos\person_134d.png
E:\CodeProjects\INRIAPerson\Test\pos\person_134e.png
E:\CodeProjects\INRIAPerson\Test\pos\person_134f.png
E:\CodeProjects\INRIAPerson\Test\pos\person_134g.png
E:\CodeProjects\INRIAPerson\Test\pos\person_134h.png
E:\CodeProjects\INRIAPerson\Test\pos\person_135a.png
E:\CodeProjects\INRIAPerson\Test\pos\person_135b.png
E:\CodeProjects\INRIAPerson\Test\pos\person_135c.png
E:\CodeProjects\INRIAPerson\Test\pos\person_135d.png
E:\CodeProjects\INRIAPerson\Test\pos\person_135e.png
E:\CodeProjects\INRIAPerson\Test\pos\person_135f.png
E:\CodeProjects\INRIAPerson\Test\pos\person_136a.png
E:\CodeProjects\INRIAPerson\Test\pos\person_136b.png
E:\CodeProjects\INRIAPerson\Test\pos\person_136c.png
E:\CodeProjects\INRIAPerson\Test\pos\person_136d.png
E:\CodeProjects\INRIAPerson\Test\pos\person_137a.png
E:\CodeProjects\INRIAPerson\Test\pos\person_137b.png
E:\CodeProjects\INRIAPerson\Test\pos\person_137c.png
E:\CodeProjects\INRIAPerson\Test\pos\person_137d.png
E:\CodeProjects\INRIAPerson\Test\pos\person_137e.png
E:\CodeProjects\INRIAPerson\Test\pos\person_137f.png
E:\CodeProjects\INRIAPerson\Test\pos\person_137g.png
E:\CodeProjects\INRIAPerson\Test\pos\person_137h.png
E:\CodeProjects\INRIAPerson\Test\pos\person_137i.png
E:\CodeProjects\INRIAPerson\Test\pos\person_137j.png
E:\CodeProjects\INRIAPerson\Test\pos\person_138a.png
E:\CodeProjects\INRIAPerson\Test\pos\person_138b.png
E:\CodeProjects\INRIAPerson\Test\pos\person_138c.png
E:\CodeProjects\INRIAPerson\Test\pos\person_138d.png
E:\CodeProjects\INRIAPerson\Test\pos\person_138e.png
E:\CodeProjects\INRIAPerson\Test\pos\person_138f.png
E:\CodeProjects\INRIAPerson\Test\pos\person_159a.png
E:\CodeProjects\INRIAPerson\Test\pos\person_159b.png
E:\CodeProjects\INRIAPerson\Test\pos\person_159c.png
E:\CodeProjects\INRIAPerson\Test\pos\person_159d.png
E:\CodeProjects\INRIAPerson\Test\pos\person_159e.png
E:\CodeProjects\INRIAPerson\Test\pos\person_159f.png
E:\CodeProjects\INRIAPerson\Test\pos\person_159g.png
E:\CodeProjects\INRIAPerson\Test\pos\person_159h.png
